Processing emulator_m5paper (platform: native@^1.1.3; extra_scripts: support/build_with_msvc.py; build_type: release; build_flags: -IC:/vcpkg/installed/x64-windows/include, -D LV_CONF_SKIP, -D LV_DRV_NO_CONF=0, -ID:\platform-io\New_Interface_M5Paper/lib, -D LV_HOR_RES_MAX=540, -D LV_VER_RES_MAX=960, -D LV_MEM_CUSTOM=1, -D LV_USE_USER_DATA=1, -D LV_LVGL_H_INCLUDE_SIMPLE, -D NATIVE_64BIT, -D M5PAPER, -D MONOCHROME, -D BIG_THEME, -D LV_FONT_MONTSERRAT_32=1, -D LV_FONT_MONTSERRAT_22=1, -D SDL_MAIN_HANDLED, -D USE_MONITOR=1, -D USE_MOUSE=1; build_unflags: -Wall; lib_archive: False; lib_deps: https://github.com/lvgl/lvgl.git#v7.11.0, lv_drivers@~7.11.0, ArduinoJson@~6.21.0; build_src_filter: +<src/*>, +<src/utility/*>, -<src/utility/sdl_stubs.c>, +<src/gui/*>, +<src/hardware/*>, +<src/quickglui/*>, +<src/utils/*>, -<src/app/epub_reader/*>, -<src/app/calendar/*>, -<src/app/image_viewer/*>, -<src/app/kodi_remote/*>, -<src/app/alarm_clock/*>; lib_extra_dirs: D:\platform-io\New_Interface_M5Paper/lib)
--------------------------------------------------------------------------------
LDF: Library Dependency Finder -> https://bit.ly/configure-pio-ldf
LDF Modes: Finder ~ chain, Compatibility ~ soft
Found 7 compatible libraries
Scanning dependencies...
Dependency Graph
|-- lvgl @ 7.11.0+sha.ec9de51 (License: MIT, URI: git+https://github.com/lvgl/lvgl.git#v7.11.0, Path: D:\platform-io\New_Interface_M5Paper\.pio\libdeps\emulator_m5paper\lvgl)
|-- lv_drivers @ 7.11.0 (License: Unknown, Path: D:\platform-io\New_Interface_M5Paper\.pio\libdeps\emulator_m5paper\lv_drivers)
|   |-- lvgl @ 7.11.0+sha.ec9de51 (License: MIT, URI: git+https://github.com/lvgl/lvgl.git#v7.11.0, Path: D:\platform-io\New_Interface_M5Paper\.pio\libdeps\emulator_m5paper\lvgl)
|-- ArduinoJson @ 6.21.5 (License: Unknown, Path: D:\platform-io\New_Interface_M5Paper\.pio\libdeps\emulator_m5paper\ArduinoJson)
Building in release mode

===========================================================================
Exception in thread Thread-2 (run):
Traceback (most recent call last):
  File "C:\Users\Sarvesh\AppData\Local\Programs\Python\Python313\Lib\threading.py", line 1043, in _bootstrap_inner
    self.run()
    ~~~~~~~~^^
  File "C:\Users\Sarvesh\AppData\Local\Programs\Python\Python313\Lib\threading.py", line 994, in run
    self._target(*self._args, **self._kwargs)
    ~~~~~~~~~~~~^^^^^^^^^^^^^^^^^^^^^^^^^^^^^
  File "C:\Users\Sarvesh\AppData\Roaming\Python\Python313\site-packages\platformio\proc.py", line 48, in run
    self.do_reading()
    ~~~~~~~~~~~~~~~^^
  File "C:\Users\Sarvesh\AppData\Roaming\Python\Python313\site-packages\platformio\proc.py", line 103, in do_reading
    self.line_callback(line)
    ~~~~~~~~~~~~~~~~~~^^^^^^
  File "C:\Users\Sarvesh\AppData\Roaming\Python\Python313\site-packages\platformio\platform\_run.py", line 138, in _on_stdout_line
    self._echo_line(line, level=1)
    ~~~~~~~~~~~~~~~^^^^^^^^^^^^^^^
  File "C:\Users\Sarvesh\AppData\Roaming\Python\Python313\site-packages\platformio\platform\_run.py", line 159, in _echo_line
    click.secho(line, fg=fg, err=level > 1, nl=False)
    ~~~~~~~~~~~^^^^^^^^^^^^^^^^^^^^^^^^^^^^^^^^^^^^^^
  File "C:\Users\Sarvesh\AppData\Roaming\Python\Python313\site-packages\platformio\__main__.py", line 90, in <lambda>
    click.secho = lambda *args, **kwargs: _safe_echo(1, *args, **kwargs)
                                          ~~~~~~~~~~^^^^^^^^^^^^^^^^^^^^
  File "C:\Users\Sarvesh\AppData\Roaming\Python\Python313\site-packages\platformio\__main__.py", line 83, in _safe_echo
    click_echo_origin[origin](*args, **kwargs)
    ~~~~~~~~~~~~~~~~~~~~~~~~~^^^^^^^^^^^^^^^^^
  File "C:\Users\Sarvesh\AppData\Local\Programs\Python\Python313\Lib\site-packages\click\termui.py", line 684, in secho
    return echo(message, file=file, nl=nl, err=err, color=color)
  File "C:\Users\Sarvesh\AppData\Local\Programs\Python\Python313\Lib\site-packages\click\utils.py", line 321, in echo
    file.write(out)  # type: ignore
    ~~~~~~~~~~^^^^^
  File "C:\Users\Sarvesh\AppData\Local\Programs\Python\Python313\Lib\encodings\cp1252.py", line 19, in encode
    return codecs.charmap_encode(input,self.errors,encoding_table)[0]
           ~~~~~~~~~~~~~~~~~~~~~^^^^^^^^^^^^^^^^^^^^^^^^^^^^^^^^^^
UnicodeEncodeError: 'charmap' codec can't encode character '\u2713' in position 0: character maps to <undefined>
^C^C^C^C^C^Cscons: *** [.pio\build\emulator_m5paper\libb5c\lvgl\lv_core\lv_style.o] Error 3221225786
*** [.pio\build\emulator_m5paper\libb5c\lvgl\lv_core\lv_refr.o] Error 3221225786
*** [.pio\build\emulator_m5paper\libb5c\lvgl\lv_core\lv_obj.o] Error 3221225786
*** [.pio\build\emulator_m5paper\libb5c\lvgl\lv_core\lv_indev.o] Error 3221225786
*** [.pio\build\emulator_m5paper\libb5c\lvgl\lv_core\lv_group.o] Error 3221225786
*** [.pio\build\emulator_m5paper\libb5c\lvgl\lv_core\lv_disp.o] Error 3221225786
========================= [FAILED] Took 184.18 seconds =========================

Environment       Status    Duration
----------------  --------  ------------
emulator_m5paper  FAILED    00:03:04.183
m5paper           IGNORED
==================== 1 failed, 0 succeeded in 00:03:04.183 ====================
